
[1m[46m RUN [49m[22m [36mv3.2.4 [39m[90mC:/Users/Usuario/Workspace/01_Proyectos/anclora-nexus/frontend[39m

No test files found, exiting with code 1

filter: tests/multitenant/
include: **/*.{test,spec}.?(c|m)[jt]s?(x)
exclude:  **/node_modules/**, **/dist/**, **/cypress/**, **/.{idea,git,cache,output,temp}/**, **/{karma,rollup,webpack,vite,vitest,jest,ava,babel,nyc,cypress,tsup,build,eslint,prettier}.config.*

