src/lib/i18n/I18nProvider.tsx(30,12): error TS7053: Element implicitly has an 'any' type because expression of type '"priority" | "error" | "leads" | "tasks" | "prospect" | "properties" | "success" | "pending" | "listed" | "offer" | "sold" | "execute" | "postpone" | "reformulate" | "discard" | ... 74 more ... | "focusRisk"' can't be used to index type '{ readonly dashboard: "Panel de Control"; readonly leads: "Contactos"; readonly properties: "Propiedades"; readonly tasks: "Tareas"; readonly logout: "Cerrar sesi├│n"; readonly profile: "Perfil"; ... 83 more ...; readonly focusRisk: "Riesgo Foco"; } | { ...; } | { ...; }'.
  Property 'actions' does not exist on type '{ readonly dashboard: "Panel de Control"; readonly leads: "Contactos"; readonly properties: "Propiedades"; readonly tasks: "Tareas"; readonly logout: "Cerrar sesi├│n"; readonly profile: "Perfil"; ... 83 more ...; readonly focusRisk: "Riesgo Foco"; } | { ...; } | { ...; }'.
